[INFO] Scanning for projects...
[INFO] 
[INFO] ----------------------------< com.lms:lms >-----------------------------
[INFO] Building lms 0.0.1-SNAPSHOT
[INFO]   from pom.xml
[INFO] --------------------------------[ jar ]---------------------------------
[INFO] 
[INFO] --- resources:3.3.1:resources (default-resources) @ lms ---
[INFO] Copying 1 resource from src\main\resources to target\classes
[INFO] Copying 37 resources from src\main\resources to target\classes
[INFO] 
[INFO] --- compiler:3.14.1:compile (default-compile) @ lms ---
[INFO] Nothing to compile - all classes are up to date.
[INFO] ------------------------------------------------------------------------
[INFO] BUILD SUCCESS
[INFO] ------------------------------------------------------------------------
[INFO] Total time:  1.325 s
[INFO] Finished at: 2026-03-05T16:24:57+05:30
[INFO] ------------------------------------------------------------------------
